review / review	UNKNOWN STEP	2026-08-15T04:53:37.8698610Z ^[[36;1m  echo "::error::Set the ANTHROPIC_API_KEY repo/org secret (project-pays key)."^[[0m
review / review	UNKNOWN STEP	2026-08-15T04:56:08.6235294Z Verdict: FAIL (one or more criteria fail)
review / review	UNKNOWN STEP	2026-08-15T04:56:08.6244811Z | 19 | verification_explanation_quality | **FAIL** | States "11 orders"/"order count of 11" and an 11-order sequence; tests actually verify 19 orders — contradicts the test files and omits O00_F–O00_M. |
review / review	UNKNOWN STEP	2026-08-15T04:56:08.6252589Z **verification_explanation_quality (FAIL).** The `verification_explanation` in `task.toml` (line 18) is stale relative to the shipped verifier. It explicitly says the verifier "Verifies exact match ... across **11 orders**" and "order count of **11**," and gives a processing sequence of exactly 11 orders (`O00_A, O00_B, O00_C, O00_D, O00_E, O01, O03, O02, O04, O05, O06`). But `tests/test_outputs.py` asserts `len(orders) == 19` (line 23) and hardcodes expected values for eight additional orders — O00_F, O00_G, O00_H, O00_I, O00_J, O00_K, O00_L, O00_M (test functions lines 142–201) — none of which the explanation mentions. The explanation therefore both states a wrong count and fails to describe what roughly 40% of the assertions check. The contributor must rewrite `verification_explanation` to match the current 19-order test suite: correct the count/processing order and describe what each of the O00_F–O00_M checks verifies (scrap ceiling, WC setup+run hours, initial-vs-leftover limiting-resource calc, substitute integer conversion, sub-assembly exclusion, child-SA batch rounding, ceil on scrap %).
review / review	UNKNOWN STEP	2026-08-15T04:56:08.6254955Z - **task_toml_schema:** `[task].description` (line 6) is not among the fields the rubric enumerates as recognized; it is benign and commonly present, so I graded PASS. If the reviewing team treats any non-enumerated field as extraneous, this would flip to FAIL — confirming Harbor's accepted `[task]` sub-fields would settle it.
review / review	UNKNOWN STEP	2026-08-15T04:56:10.3050618Z eval verdict: FAIL
review / review	UNKNOWN STEP	2026-08-15T04:56:10.3060759Z ##[error]Process completed with exit code 1.
review / review	UNKNOWN STEP	2026-08-15T04:56:10.6836676Z (node:6248) [DEP0169] DeprecationWarning: `url.parse()` behavior is not standardized and prone to errors that have security implications. Use the WHATWG URL API instead. CVEs are not issued for `url.parse()` vulnerabilities.
review / review	UNKNOWN STEP	2026-08-15T04:56:11.7777022Z note: verdict at "Report + gate (FAIL verdict → red check)" — the gate already told the PR; not reported.
review / gate	UNKNOWN STEP	2026-08-15T04:56:22.7898809Z ^[[36;1mFAILED=""^[[0m
review / gate	UNKNOWN STEP	2026-08-15T04:56:22.7898997Z ^[[36;1mstage_ok "$R" "$RUN_REVIEW"      || FAILED="$FAILED review=$R"^[[0m
review / gate	UNKNOWN STEP	2026-08-15T04:56:22.7899256Z ^[[36;1mstage_ok "$S" "$RUN_SIMILARITY"  || FAILED="$FAILED similarity=$S"^[[0m
review / gate	UNKNOWN STEP	2026-08-15T04:56:22.7899513Z ^[[36;1mstage_ok "$V" "$RUN_VALIDATION"  || FAILED="$FAILED validation=$V"^[[0m
review / gate	UNKNOWN STEP	2026-08-15T04:56:22.7899762Z ^[[36;1mstage_ok "$P" "$RUN_PASS2"       || FAILED="$FAILED pass2=$P"^[[0m
review / gate	UNKNOWN STEP	2026-08-15T04:56:22.7900007Z ^[[36;1mstage_ok "$T1" "$RUN_TIER1"      || FAILED="$FAILED tier1=$T1"^[[0m
review / gate	UNKNOWN STEP	2026-08-15T04:56:22.7900255Z ^[[36;1mstage_ok "$QG" "$RUN_QC"         || FAILED="$FAILED qc_gate=$QG"^[[0m
review / gate	UNKNOWN STEP	2026-08-15T04:56:22.7900512Z ^[[36;1mstage_ok "$DR" "$RUN_DEEP"       || FAILED="$FAILED deep_review=$DR"^[[0m
review / gate	UNKNOWN STEP	2026-08-15T04:56:22.7900765Z ^[[36;1mstage_ok "$AR" "$RUN_AVA"        || FAILED="$FAILED ava_review=$AR"^[[0m
review / gate	UNKNOWN STEP	2026-08-15T04:56:22.7901008Z ^[[36;1mstage_ok "$T" "$RUN_TRIALS"      || FAILED="$FAILED trials=$T"^[[0m
review / gate	UNKNOWN STEP	2026-08-15T04:56:22.7901221Z ^[[36;1mif [ -n "$FAILED" ]; then^[[0m
review / gate	UNKNOWN STEP	2026-08-15T04:56:22.7901409Z ^[[36;1m  CANCELLED=false; ANY_STAGE_FAILURE=false^[[0m
review / gate	UNKNOWN STEP	2026-08-15T04:56:22.7902084Z ^[[36;1m    [ "$RESULT" = "failure" ] && ANY_STAGE_FAILURE=true^[[0m
review / gate	UNKNOWN STEP	2026-08-15T04:56:22.7904856Z ^[[36;1m  # stage must have actually FAILED (an upstream collapse that only^[[0m
review / gate	UNKNOWN STEP	2026-08-15T04:56:22.7905724Z ^[[36;1m    && [ "$CHANGES_RESULT" = "success" ] && [ "$ANY_STAGE_FAILURE" = "true" ]; then^[[0m
review / gate	UNKNOWN STEP	2026-08-15T04:56:22.7906166Z ^[[36;1m    echo "::warning::Pipeline not green —$FAILED — but this task is in rework and the policy is advisory CI: submission is allowed. Verdicts remain on the PR as labels."^[[0m
review / gate	UNKNOWN STEP	2026-08-15T04:56:22.7908020Z ^[[36;1m  echo "::error::Pipeline not green —$FAILED. PR is blocked (a Tier-1 HOLD blocks here until the required fixes are attempted)."^[[0m
review / gate	UNKNOWN STEP	2026-08-15T04:56:22.8000813Z ##[error]Pipeline not green — review=failure similarity=skipped validation=skipped pass2=skipped tier1=skipped qc_gate=skipped deep_review=skipped ava_review=skipped trials=skipped. PR is blocked (a Tier-1 HOLD blocks here until the required fixes are attempted).
review / gate	UNKNOWN STEP	2026-08-15T04:56:22.8005062Z ##[error]Process completed with exit code 1.